// Vitest Snapshot v1, https://vitest.dev/guide/snapshot.html

exports[`a test > matches the snapshot 1`] = `
{
  "name": "core",
  "theme": {
    "extend": {
      "tokens": {
        "colors": {
          "cobalt": {
            "50": {
              "value": "#EBEDF9",
            },
          },
        },
      },
    },
  },
}
`;
